// Jest Snapshot v1, https://goo.gl/fbAQLP

exports[`MainPage Renders like snapshot 1`] = `
<MainPage
  appFunctionBundle={Object {}}
  cardData={Array []}
  favoritesCount={0}
  handleCardClick={[MockFunction]}
  selectedCategory="planets"
  toggleFavorites={[MockFunction]}
  updateData={[MockFunction]}
/>
`;
